15:49:00 **** Incremental Build of configuration Debug for project Timer ****
make -j8 all 
arm-none-eabi-gcc -o "Timer.elf" @"objects.list"   -mcpu=cortex-m3 -T"E:\BKU\Se241\CO3009_MM\Experiments\L06_2110142_Lab2\STM32_Lab2\Timer\STM32F103C6UX_FLASH.ld" --specs=nosys.specs -Wl,-Map="Timer.map" -Wl,--gc-sections -static --specs=nano.specs -mfloat-abi=soft -mthumb -Wl,--start-group -lc -lm -Wl,--end-group
Finished building target: Timer.elf
 
arm-none-eabi-size   Timer.elf 
arm-none-eabi-objdump -h -S  Timer.elf  > "Timer.list"
arm-none-eabi-objcopy  -O ihex  Timer.elf  "Timer.hex"
   text	   data	    bss	    dec	    hex	filename
   6856	     24	   1640	   8520	   2148	Timer.elf
arm-none-eabi-objcopy  -O binary  Timer.elf  "Timer.bin"
Finished building: default.size.stdout
 
Finished building: Timer.hex
Finished building: Timer.bin
 
 
Finished building: Timer.list
 
