01:02:43 **** Incremental Build of configuration Debug for project Timer ****
make -j8 all 
arm-none-eabi-gcc "../Core/Src/main.c" -mcpu=cortex-m3 -std=gnu11 -g3 -DDEBUG -DUSE_HAL_DRIVER -DSTM32F103x6 -c -I../Core/Inc -I../Drivers/STM32F1xx_HAL_Driver/Inc -I../Drivers/STM32F1xx_HAL_Driver/Inc/Legacy -I../Drivers/CMSIS/Device/ST/STM32F1xx/Include -I../Drivers/CMSIS/Include -O0 -ffunction-sections -fdata-sections -Wall -fstack-usage -MMD -MP -MF"Core/Src/main.d" -MT"Core/Src/main.o" --specs=nano.specs -mfloat-abi=soft -mthumb -o "Core/Src/main.o"
arm-none-eabi-gcc -o "Timer.elf" @"objects.list"   -mcpu=cortex-m3 -T"E:\BKU\Se241\CO3009_MM\Experiments\L06_2110142_Lab2\STM32_Lab2\Timer\STM32F103C6UX_FLASH.ld" --specs=nosys.specs -Wl,-Map="Timer.map" -Wl,--gc-sections -static --specs=nano.specs -mfloat-abi=soft -mthumb -Wl,--start-group -lc -lm -Wl,--end-group
Finished building target: Timer.elf
 
arm-none-eabi-size   Timer.elf 
arm-none-eabi-objdump -h -S  Timer.elf  > "Timer.list"
arm-none-eabi-objcopy  -O ihex  Timer.elf  "Timer.hex"
   text	   data	    bss	    dec	    hex	filename
   7704	     56	   1648	   9408	   24c0	Timer.elf
arm-none-eabi-objcopy  -O binary  Timer.elf  "Timer.bin"
Finished building: default.size.stdout
 
Finished building: Timer.hex
Finished building: Timer.bin
 
 
Finished building: Timer.list
 

01:02:44 Build Finished. 0 errors, 0 warnings. (took 869ms)

